<div>The content that belongs here is too complex to display securely.</div>