<a href="http://mywebsite.com/GalleryImageEdit.aspx?mid=9&amp;pageindex=3&amp;pageid=6">http://mywebsite.com/GalleryImageEdit.aspx?mid=9&amp;pageindex=3&amp;pageid=6</a>.
